// Jest Snapshot v1, https://goo.gl/fbAQLP

exports[`Error reporter makeIssueBodyFromReport should format a json error as markdown 1`] = `
"## Stacktrace

\`\`\`
Stack
\`\`\`

## Environment

Environment markdown
"
`;

exports[`Error reporter makeIssueBodyFromReportu should format a json error as markdown 1`] = `
"## Stacktrace

\`\`\`
Stack
\`\`\`

## Environment

Environment markdown
"
`;
